// Jest Snapshot v1, https://goo.gl/fbAQLP

exports[`MovieInfo component renders correctly 1`] = `
<div>
  <div
    className="info"
  >
    <div
      className="title"
    >
      Zulu
    </div>
    <div
      className="releaseDate"
    />
  </div>
  <p
    className="genres"
  >
    Crime, Drama, Thriller
  </p>
</div>
`;
