// Jest Snapshot v1, https://goo.gl/fbAQLP

exports[`Results component renders correctly 1`] = `
<a
  className="panel"
  href="/film/19908"
  onClick={[Function]}
>
  <img
    className="poster"
    src="https://image.tmdb.org/t/p/w500/vUzzDpVrab1BOG3ogxhRGfLN94d.jpg"
  />
  <div>
    <div
      className="info"
    >
      <div
        className="title"
      >
        Zombieland
      </div>
      <div
        className="releaseDate"
      >
        2009
      </div>
    </div>
    <p
      className="genres"
    >
      Comedy, Horror
    </p>
  </div>
</a>
`;
