// Jest Snapshot v1, https://goo.gl/fbAQLP

exports[`Results component renders correctly 1`] = `
<a
  className={undefined}
  href="/film/19908"
  onClick={[Function]}
>
  <img
    alt="Zombieland"
    className={undefined}
    src="https://image.tmdb.org/t/p/w500/vUzzDpVrab1BOG3ogxhRGfLN94d.jpg"
  />
  <div>
    <div
      className="MovieInfo-info-0-1-1"
    >
      <div
        className="MovieInfo-title-0-1-2"
      >
        Zombieland
      </div>
      <div
        className="MovieInfo-releaseDate-0-1-3"
      >
        2009
      </div>
    </div>
    <p
      className="MovieInfo-genres-0-1-4"
    >
      Comedy, Horror
    </p>
  </div>
</a>
`;
